// Jest Snapshot v1, https://goo.gl/fbAQLP

exports[`DeliveryAddress renders default props 1`] = `
<div id="deliveryAddressFields"
     data-validate="required"
     class
>
  <label class="o-forms-field ncf__validation-error"
         for="deliveryAddressLine1"
  >
    <span class="o-forms-title">
      <span class="o-forms-title__main">
        Address line 1
      </span>
    </span>
    <span class="o-forms-input o-forms-input--text">
      <input type="text"
             id="deliveryAddressLine1"
             name="deliveryAddressLine1"
             data-trackable="field-deliveryAddressLine1"
             autocomplete="address-line1"
             placeholder="e.g. 10 Elm Street"
             maxlength="50"
             aria-required="true"
             required
             value
      >
      <span class="o-forms-input__error">
        Please enter a valid address
      </span>
    </span>
  </label>
  <label class="o-forms-field o-forms-field--optional"
         for="deliveryAddressLine2"
  >
    <span class="o-forms-title">
      <span class="o-forms-title__main">
        Address line 2
      </span>
    </span>
    <span class="o-forms-input o-forms-input--text">
      <input type="text"
             id="deliveryAddressLine2"
             name="deliveryAddressLine2"
             data-trackable="field-deliveryAddressLine2"
             autocomplete="address-line2"
             placeholder
             maxlength="50"
             value
      >
    </span>
  </label>
  <label class="o-forms-field o-forms-field--optional"
         for="deliveryAddressLine3"
  >
    <span class="o-forms-title">
      <span class="o-forms-title__main">
        Address line 3
      </span>
      <span class="o-forms-title__prompt">
      </span>
    </span>
    <span class="o-forms-input o-forms-input--text">
      <input type="text"
             id="deliveryAddressLine3"
             name="deliveryAddressLine3"
             data-trackable="field-deliveryAddressLine3"
             autocomplete="address-line3"
             placeholder="e.g. Apt. 1"
             maxlength="50"
             value
      >
    </span>
  </label>
</div>
`;

exports[`DeliveryAddress renders with an error 1`] = `
<div id="deliveryAddressFields"
     data-validate="required"
     class
>
  <label class="o-forms-field ncf__validation-error"
         for="deliveryAddressLine1"
  >
    <span class="o-forms-title">
      <span class="o-forms-title__main">
        Address line 1
      </span>
    </span>
    <span class="o-forms-input o-forms-input--text o-forms-input--invalid">
      <input type="text"
             id="deliveryAddressLine1"
             name="deliveryAddressLine1"
             data-trackable="field-deliveryAddressLine1"
             autocomplete="address-line1"
             placeholder="e.g. 10 Elm Street"
             maxlength="50"
             aria-required="true"
             required
             value
      >
      <span class="o-forms-input__error">
        Please enter a valid address
      </span>
    </span>
  </label>
  <label class="o-forms-field o-forms-field--optional"
         for="deliveryAddressLine2"
  >
    <span class="o-forms-title">
      <span class="o-forms-title__main">
        Address line 2
      </span>
    </span>
    <span class="o-forms-input o-forms-input--text o-forms-input--invalid">
      <input type="text"
             id="deliveryAddressLine2"
             name="deliveryAddressLine2"
             data-trackable="field-deliveryAddressLine2"
             autocomplete="address-line2"
             placeholder
             maxlength="50"
             value
      >
    </span>
  </label>
  <label class="o-forms-field o-forms-field--optional"
         for="deliveryAddressLine3"
  >
    <span class="o-forms-title">
      <span class="o-forms-title__main">
        Address line 3
      </span>
      <span class="o-forms-title__prompt">
      </span>
    </span>
    <span class="o-forms-input o-forms-input--text o-forms-input--invalid">
      <input type="text"
             id="deliveryAddressLine3"
             name="deliveryAddressLine3"
             data-trackable="field-deliveryAddressLine3"
             autocomplete="address-line3"
             placeholder="e.g. Apt. 1"
             maxlength="50"
             value
      >
    </span>
  </label>
</div>
`;

exports[`DeliveryAddress renders with country different than default 1`] = `
<div id="deliveryAddressFields"
     data-validate="required"
     class
>
  <label class="o-forms-field ncf__validation-error"
         for="deliveryAddressLine1"
  >
    <span class="o-forms-title">
      <span class="o-forms-title__main">
        Address line 1
      </span>
    </span>
    <span class="o-forms-input o-forms-input--text">
      <input type="text"
             id="deliveryAddressLine1"
             name="deliveryAddressLine1"
             data-trackable="field-deliveryAddressLine1"
             autocomplete="address-line1"
             placeholder="e.g. 10 Elm St."
             maxlength="50"
             aria-required="true"
             required
             value
      >
      <span class="o-forms-input__error">
        Please enter a valid address
      </span>
    </span>
  </label>
  <label class="o-forms-field o-forms-field--optional"
         for="deliveryAddressLine3"
  >
    <span class="o-forms-title">
      <span class="o-forms-title__main">
        APT/FL/STE
      </span>
      <span class="o-forms-title__prompt">
        Max. 6 characters. Please enter “Apartment 2C” as “Apt 2C”, “Floor 10 as FL 10”
      </span>
    </span>
    <span class="o-forms-input o-forms-input--text">
      <input type="text"
             id="deliveryAddressLine3"
             name="deliveryAddressLine3"
             data-trackable="field-deliveryAddressLine3"
             autocomplete="address-line3"
             placeholder="e.g Apt 2C / FL 10 / STE 50"
             maxlength="50"
             value
      >
    </span>
  </label>
  <label class="o-forms-field o-forms-field--optional"
         for="deliveryAddressLine2"
  >
    <span class="o-forms-title">
      <span class="o-forms-title__main">
        Address line 2
      </span>
    </span>
    <span class="o-forms-input o-forms-input--text">
      <input type="text"
             id="deliveryAddressLine2"
             name="deliveryAddressLine2"
             data-trackable="field-deliveryAddressLine2"
             autocomplete="address-line2"
             placeholder
             maxlength="50"
             value
      >
    </span>
  </label>
</div>
`;

exports[`DeliveryAddress renders with custom line 1 value 1`] = `
<div id="deliveryAddressFields"
     data-validate="required"
     class
>
  <label class="o-forms-field ncf__validation-error"
         for="deliveryAddressLine1"
  >
    <span class="o-forms-title">
      <span class="o-forms-title__main">
        Address line 1
      </span>
    </span>
    <span class="o-forms-input o-forms-input--text">
      <input type="text"
             id="deliveryAddressLine1"
             name="deliveryAddressLine1"
             data-trackable="field-deliveryAddressLine1"
             autocomplete="address-line1"
             placeholder="e.g. 10 Elm Street"
             maxlength="50"
             aria-required="true"
             required
             value="Line 1 text"
      >
      <span class="o-forms-input__error">
        Please enter a valid address
      </span>
    </span>
  </label>
  <label class="o-forms-field o-forms-field--optional"
         for="deliveryAddressLine2"
  >
    <span class="o-forms-title">
      <span class="o-forms-title__main">
        Address line 2
      </span>
    </span>
    <span class="o-forms-input o-forms-input--text">
      <input type="text"
             id="deliveryAddressLine2"
             name="deliveryAddressLine2"
             data-trackable="field-deliveryAddressLine2"
             autocomplete="address-line2"
             placeholder
             maxlength="50"
             value
      >
    </span>
  </label>
  <label class="o-forms-field o-forms-field--optional"
         for="deliveryAddressLine3"
  >
    <span class="o-forms-title">
      <span class="o-forms-title__main">
        Address line 3
      </span>
      <span class="o-forms-title__prompt">
      </span>
    </span>
    <span class="o-forms-input o-forms-input--text">
      <input type="text"
             id="deliveryAddressLine3"
             name="deliveryAddressLine3"
             data-trackable="field-deliveryAddressLine3"
             autocomplete="address-line3"
             placeholder="e.g. Apt. 1"
             maxlength="50"
             value
      >
    </span>
  </label>
</div>
`;

exports[`DeliveryAddress renders with custom line 2 value 1`] = `
<div id="deliveryAddressFields"
     data-validate="required"
     class
>
  <label class="o-forms-field ncf__validation-error"
         for="deliveryAddressLine1"
  >
    <span class="o-forms-title">
      <span class="o-forms-title__main">
        Address line 1
      </span>
    </span>
    <span class="o-forms-input o-forms-input--text">
      <input type="text"
             id="deliveryAddressLine1"
             name="deliveryAddressLine1"
             data-trackable="field-deliveryAddressLine1"
             autocomplete="address-line1"
             placeholder="e.g. 10 Elm Street"
             maxlength="50"
             aria-required="true"
             required
             value
      >
      <span class="o-forms-input__error">
        Please enter a valid address
      </span>
    </span>
  </label>
  <label class="o-forms-field o-forms-field--optional"
         for="deliveryAddressLine2"
  >
    <span class="o-forms-title">
      <span class="o-forms-title__main">
        Address line 2
      </span>
    </span>
    <span class="o-forms-input o-forms-input--text">
      <input type="text"
             id="deliveryAddressLine2"
             name="deliveryAddressLine2"
             data-trackable="field-deliveryAddressLine2"
             autocomplete="address-line2"
             placeholder
             maxlength="50"
             value="Line 2 text"
      >
    </span>
  </label>
  <label class="o-forms-field o-forms-field--optional"
         for="deliveryAddressLine3"
  >
    <span class="o-forms-title">
      <span class="o-forms-title__main">
        Address line 3
      </span>
      <span class="o-forms-title__prompt">
      </span>
    </span>
    <span class="o-forms-input o-forms-input--text">
      <input type="text"
             id="deliveryAddressLine3"
             name="deliveryAddressLine3"
             data-trackable="field-deliveryAddressLine3"
             autocomplete="address-line3"
             placeholder="e.g. Apt. 1"
             maxlength="50"
             value
      >
    </span>
  </label>
</div>
`;

exports[`DeliveryAddress renders with custom line 3 value 1`] = `
<div id="deliveryAddressFields"
     data-validate="required"
     class
>
  <label class="o-forms-field ncf__validation-error"
         for="deliveryAddressLine1"
  >
    <span class="o-forms-title">
      <span class="o-forms-title__main">
        Address line 1
      </span>
    </span>
    <span class="o-forms-input o-forms-input--text">
      <input type="text"
             id="deliveryAddressLine1"
             name="deliveryAddressLine1"
             data-trackable="field-deliveryAddressLine1"
             autocomplete="address-line1"
             placeholder="e.g. 10 Elm Street"
             maxlength="50"
             aria-required="true"
             required
             value
      >
      <span class="o-forms-input__error">
        Please enter a valid address
      </span>
    </span>
  </label>
  <label class="o-forms-field o-forms-field--optional"
         for="deliveryAddressLine2"
  >
    <span class="o-forms-title">
      <span class="o-forms-title__main">
        Address line 2
      </span>
    </span>
    <span class="o-forms-input o-forms-input--text">
      <input type="text"
             id="deliveryAddressLine2"
             name="deliveryAddressLine2"
             data-trackable="field-deliveryAddressLine2"
             autocomplete="address-line2"
             placeholder
             maxlength="50"
             value
      >
    </span>
  </label>
  <label class="o-forms-field o-forms-field--optional"
         for="deliveryAddressLine3"
  >
    <span class="o-forms-title">
      <span class="o-forms-title__main">
        Address line 3
      </span>
      <span class="o-forms-title__prompt">
      </span>
    </span>
    <span class="o-forms-input o-forms-input--text">
      <input type="text"
             id="deliveryAddressLine3"
             name="deliveryAddressLine3"
             data-trackable="field-deliveryAddressLine3"
             autocomplete="address-line3"
             placeholder="e.g. Apt. 1"
             maxlength="50"
             value="Line 3 text"
      >
    </span>
  </label>
</div>
`;

exports[`DeliveryAddress renders with disabled input elements 1`] = `
<div id="deliveryAddressFields"
     data-validate="required"
     class
>
  <label class="o-forms-field ncf__validation-error"
         for="deliveryAddressLine1"
  >
    <span class="o-forms-title">
      <span class="o-forms-title__main">
        Address line 1
      </span>
    </span>
    <span class="o-forms-input o-forms-input--text">
      <input type="text"
             id="deliveryAddressLine1"
             name="deliveryAddressLine1"
             data-trackable="field-deliveryAddressLine1"
             autocomplete="address-line1"
             placeholder="e.g. 10 Elm Street"
             maxlength="50"
             aria-required="true"
             required
             disabled
             value
      >
      <span class="o-forms-input__error">
        Please enter a valid address
      </span>
    </span>
  </label>
  <label class="o-forms-field o-forms-field--optional"
         for="deliveryAddressLine2"
  >
    <span class="o-forms-title">
      <span class="o-forms-title__main">
        Address line 2
      </span>
    </span>
    <span class="o-forms-input o-forms-input--text">
      <input type="text"
             id="deliveryAddressLine2"
             name="deliveryAddressLine2"
             data-trackable="field-deliveryAddressLine2"
             autocomplete="address-line2"
             placeholder
             maxlength="50"
             disabled
             value
      >
    </span>
  </label>
  <label class="o-forms-field o-forms-field--optional"
         for="deliveryAddressLine3"
  >
    <span class="o-forms-title">
      <span class="o-forms-title__main">
        Address line 3
      </span>
      <span class="o-forms-title__prompt">
      </span>
    </span>
    <span class="o-forms-input o-forms-input--text">
      <input type="text"
             id="deliveryAddressLine3"
             name="deliveryAddressLine3"
             data-trackable="field-deliveryAddressLine3"
             autocomplete="address-line3"
             placeholder="e.g. Apt. 1"
             maxlength="50"
             disabled
             value
      >
    </span>
  </label>
</div>
`;

exports[`DeliveryAddress renders with hidden input elements 1`] = `
<div id="deliveryAddressFields"
     data-validate="required"
     class="ncf__hidden"
>
  <label class="o-forms-field ncf__validation-error"
         for="deliveryAddressLine1"
  >
    <span class="o-forms-title">
      <span class="o-forms-title__main">
        Address line 1
      </span>
    </span>
    <span class="o-forms-input o-forms-input--text">
      <input type="text"
             id="deliveryAddressLine1"
             name="deliveryAddressLine1"
             data-trackable="field-deliveryAddressLine1"
             autocomplete="address-line1"
             placeholder="e.g. 10 Elm Street"
             maxlength="50"
             aria-required="true"
             required
             value
      >
      <span class="o-forms-input__error">
        Please enter a valid address
      </span>
    </span>
  </label>
  <label class="o-forms-field o-forms-field--optional"
         for="deliveryAddressLine2"
  >
    <span class="o-forms-title">
      <span class="o-forms-title__main">
        Address line 2
      </span>
    </span>
    <span class="o-forms-input o-forms-input--text">
      <input type="text"
             id="deliveryAddressLine2"
             name="deliveryAddressLine2"
             data-trackable="field-deliveryAddressLine2"
             autocomplete="address-line2"
             placeholder
             maxlength="50"
             value
      >
    </span>
  </label>
  <label class="o-forms-field o-forms-field--optional"
         for="deliveryAddressLine3"
  >
    <span class="o-forms-title">
      <span class="o-forms-title__main">
        Address line 3
      </span>
      <span class="o-forms-title__prompt">
      </span>
    </span>
    <span class="o-forms-input o-forms-input--text">
      <input type="text"
             id="deliveryAddressLine3"
             name="deliveryAddressLine3"
             data-trackable="field-deliveryAddressLine3"
             autocomplete="address-line3"
             placeholder="e.g. Apt. 1"
             maxlength="50"
             value
      >
    </span>
  </label>
</div>
`;
