// Jest Snapshot v1, https://goo.gl/fbAQLP

exports[`TrialBanner renders with default props 1`] = `
<div id="trialBanner"
     class="ncf__trial-banner"
>
  <p class="ncf__trial-banner-content">
    Your free FT.com trial
    <img src="https://www.ft.com/__origami/service/image/v2/images/raw/https%3A%2F%2Fwww.ft.com%2Fassets%2Fb2b%2Fmacron-desktop-banner.png?source=conversion&amp;height=40"
         alt="Emmanuel Macron"
         class="ncf__trial-banner-img"
    >
  </p>
</div>
`;

exports[`TrialBanner renders with default props 2`] = `
<div id="trialBanner"
     class="ncf__trial-banner"
>
  <p class="ncf__trial-banner-content">
    Your free FT.com trial
    <img src="https://www.ft.com/__origami/service/image/v2/images/raw/https%3A%2F%2Fwww.ft.com%2Fassets%2Fb2b%2Fmacron-desktop-banner.png?source=conversion&amp;height=40"
         alt="Emmanuel Macron"
         class="ncf__trial-banner-img"
    >
  </p>
</div>
`;
